v0.1.2

git add learngit.txt

git commit -m "wrote a learngit note"
-m 后面输入本次提交的说明，任意文字，但当然是希望是对描述修改的有意义的文字

[master (root-commit) da0313a] wrote a learngit note
 1 file changed, 1 insertion(+)
 create mode 100644 learngit.txt
执行后git 告诉我们 1个文件被变更，插入了1行内容。

Git is a distributed version control system.
Git is free software.

git diff learngit.txt
用来查看文件的版本间差异，默认是查看当前文件和库文件之间的区别
diff --git a/learngit.txt b/learngit.txt
index 5f04ebf..bc1b225 100644
--- a/learngit.txt
+++ b/learngit.txt
@@ -12,3 +12,15 @@ git commit -m "wrote a learngit note"

 Git is a distributed version control system.
 Git is free software.
+
+git diff learngit.txt
+用来查看文件的版本间差异，默认是查看当前文件和库文件之间的区别
+
+git status
+用来查看库的状态，如果有变化则有显示，无变化则无回显
+
+
+
+
+
+


git status
用来查看库的状态，如果有变化则有显示，无变化则无回显
On branch master
Changes not staged for commit:
  (use "git add <file>..." to update what will be committed)
  (use "git checkout -- <file>..." to discard changes in working directory)

        modified:   learngit.txt

no changes added to commit (use "git add" and/or "git commit -a")

提交修改文件跟增加新文件的操作一样
1. git add learngit.txt
2. git commit -m "add how to upload changes"

[master 710675b] add how to upload changes
 1 file changed, 12 insertions(+)

可以通过 git log 查看提交记录
commit 710675b4c5f1fd219124a014b671cf1f14d191af
Author: bigGavin <guowei_man@126.com>
Date:   Thu Feb 25 20:39:59 2016 +0800

    add how to upload changes

commit 29d38aacfdd609841a323cb297212b46eda153dc
Author: bigGavin <guowei_man@126.com>
Date:   Thu Feb 25 20:34:00 2016 +0800

    change to UTF-8

commit 57fa415fc0be00b9f2ce65fe6c53ddd7644e4eb1
Author: bigGavin <guowei_man@126.com>
Date:   Thu Feb 25 20:32:50 2016 +0800

    add and commit operation

commit da0313a560b94c788109ace064c19044d6baf6c2
Author: bigGavin <guowei_man@126.com>
Date:   Thu Feb 25 20:23:47 2016 +0800

    wrote a learngit note

git log --pretty=oneline
可以将每次版本变更显示为一行概要信息
710675b4c5f1fd219124a014b671cf1f14d191af add how to upload changes
29d38aacfdd609841a323cb297212b46eda153dc change to UTF-8
57fa415fc0be00b9f2ce65fe6c53ddd7644e4eb1 add and commit operation
da0313a560b94c788109ace064c19044d6baf6c2 wrote a learngit note

如上，注意log的显示是倒叙的，最后的更改在最上面
710675b4c5f1fd219124a014b671cf1f14d191af是commit id（版本号）

版本回退使用 git reset 命令
git reset --hard HEAD^

测试一下：
$ git commit -m "add how to see git log and how to go back to old version"
[master f746122] add how to see git log and how to go back to old version
 1 file changed, 72 insertions(+)
记住这个 f746122 ，一会儿回来还要用

$ git reset --hard HEAD^
HEAD is now at 710675b add how to upload changes
这就回到了上次提交的版本 710675b4c5f1fd219124a014b671cf1f14d191af add how to upload changes

$ git reset --hard HEAD^^
HEAD is now at 57fa415 add and commit operation
这次直接回跳两个版本到了 57fa415fc0be00b9f2ce65fe6c53ddd7644e4eb1 add and commit operation

穿越结束，可以回到现实了
$ git reset --hard f746122
HEAD is now at f746122 add how to see git log and how to go back to old version
好了，找回了刚才敲得一堆文字了吧

如果已经回退了，且关闭了命令行，还想回到当前版本怎么办？ 用git reflog命令
$ git reflog
764b194 HEAD@{0}: commit: add test of go back and go current
f746122 HEAD@{1}: reset: moving to f746122
57fa415 HEAD@{2}: reset: moving to HEAD^^
710675b HEAD@{3}: reset: moving to HEAD^
f746122 HEAD@{4}: commit: add how to see git log and how to go back to old version
710675b HEAD@{5}: commit: add how to upload changes
29d38aa HEAD@{6}: commit: change to UTF-8
57fa415 HEAD@{7}: commit: add and commit operation
da0313a HEAD@{8}: commit (initial): wrote a learngit note
这里记录了所有commit操作，只要输入commit命令行开头的数字串，就可返回对应的版本点
例如:
git reset --hard 764b194 

**工作区，暂存区的概念
当前的superant目录就是 工作区
git add就是将文件提交到 暂存区
git commit 就是讲文件提交到 当前分支master（由创建Git版本库时自动创建）










